// Game: Game08-RotoscopeClone
// Format: Standard
// entity 0
{
"classname" "worldspawn"
"_tb_textures" "textures/qodot"
// brush 0
{
( -704 -64 -16 ) ( -704 -63 -16 ) ( -704 -64 -15 ) qodot/CHESS 0 0 0 4 4
( -64 -1152 -16 ) ( -64 -1152 -15 ) ( -63 -1152 -16 ) qodot/CHESS 0 0 0 4 4
( -64 -64 -16 ) ( -63 -64 -16 ) ( -64 -63 -16 ) qodot/CHESS 0 0 0 4 4
( 64 64 0 ) ( 64 65 0 ) ( 65 64 0 ) qodot/CHESS 0 0 0 4 4
( 64 784 16 ) ( 65 784 16 ) ( 64 784 17 ) qodot/CHESS 0 0 0 4 4
( 1024 64 16 ) ( 1024 64 17 ) ( 1024 65 16 ) qodot/CHESS 0 0 0 4 4
}
// brush 1
{
( 0 -480 0 ) ( 0 -479 0 ) ( 0 -480 1 ) qodot/CHESS 0 0 0 1 1
( 0 -480 0 ) ( 0 -480 1 ) ( 1 -480 0 ) qodot/CHESS 0 0 0 1 1
( 0 -480 0 ) ( 1 -480 0 ) ( 0 -479 0 ) qodot/CHESS 0 0 0 1 1
( 128 -336 16 ) ( 128 -335 16 ) ( 129 -336 16 ) qodot/CHESS 0 0 0 1 1
( 128 -336 16 ) ( 129 -336 16 ) ( 128 -336 17 ) qodot/CHESS 0 0 0 1 1
( 128 -336 16 ) ( 128 -336 17 ) ( 128 -335 16 ) qodot/CHESS 0 0 0 1 1
}
}
// entity 1
{
"classname" "QodotEnemySoldier"
"origin" "-136 408 8"
}
// entity 2
{
"classname" "QodotEnemySoldier"
"origin" "408 328 8"
}
// entity 3
{
"classname" "QodotEnemySoldier"
"origin" "72 440 8"
}
// entity 4
{
"classname" "light"
"origin" "-248 88 136"
}
// entity 5
{
"classname" "light"
"origin" "296 8 168"
}
// entity 6
{
"classname" "light"
"origin" "8 -56 168"
}
// entity 7
{
"classname" "QodotEnemySoldierCorpse"
"origin" "-248 -664 -8"
}
// entity 8
{
"classname" "QodotEnemySoldierCorpse"
"origin" "72 -808 -8"
}
// entity 9
{
"classname" "QodotCheckpoint"
"origin" "72 -408 24"
"checkpoint_id" "1"
}
// entity 10
{
"classname" "QodotEnemySoldierCorpse"
"origin" "-280 -968 -8"
}
// entity 11
{
"classname" "QodotEnemySoldierCorpse"
"origin" "-408 -504 -8"
}
// entity 12
{
"classname" "QodotEnemySoldierCorpse"
"origin" "-488 -216 -8"
}
// entity 13
{
"classname" "QodotEnemySoldier"
"origin" "-456 472 8"
}
// entity 14
{
"classname" "QodotEnemySoldier"
"origin" "680 488 8"
}
